
> enterprise-dashboard-next@0.1.0 build
> next build

   ▲ Next.js 16.0.10 (Turbopack)

   Creating an optimized production build ...
 ✓ Compiled successfully in 9.2s
   Running TypeScript ...
   Collecting page data using 7 workers ...
   Generating static pages using 7 workers (0/9) ...
   Generating static pages using 7 workers (2/9) 
   Generating static pages using 7 workers (4/9) 
   Generating static pages using 7 workers (6/9) 
 ✓ Generating static pages using 7 workers (9/9) in 2.5s
   Finalizing page optimization ...

Route (app)
┌ ○ /
├ ○ /_not-found
├ ƒ /api/dashboard
├ ○ /news
├ ○ /screener
├ ○ /settings
└ ○ /watchlist


○  (Static)   prerendered as static content
ƒ  (Dynamic)  server-rendered on demand

